[    1894ms] [LOG] 
%c__%c__%c__%c__%c__%c__%c__%c__%c__%c__%c__
%c__%c__%c__%c__%c__%c__%c__%c__%c__%c__%c__
%c__%c__%c__%c__%c__%c__%c__%c__%c__%c__%c__
%c__%c__%c__%c__%c__%c__%c__%c__%c__%c__%c__
%c__%c__%c__%c__%c__%c__%c__%c__%c__%c__%c__
%c__%c__%c__%c__%c__%c__%c__%c__%c__%c__%c__
%c__%c__%c__%c__%c__%c__%c__%c__%c__%c__%c__
%c__%c__%c__%c__%c__%c__%c__%c__%c__%c__%c__
%c__%c__%c__%c__%c__%c__%c__%c__%c__%c__%c__
%c__%c__%c__%c__%c__%c__%c__%c__%c__%c__%c__
%c__%c__%c__%c__%c__%c__%c__%c__%c__%c__%c__%c

Únete a nosotros y crea un mundo en el que todos nos sintamos como en casa donde vayamos: https://careers.airbnb.com/ background: rgba(0, 0, 0, 0); color: rgba(0, 0, 0, 0); background: rgba(0, 0, 0, 0); color: rgba(0, 0, 0, 0); background: rgba(0, 0, 0, 0); color: rgba(0, 0, 0, 0); background: rgba(0, 0, 0, 0); color: rgba(0, 0, 0, 0); background: rgba(0, 0, 0, 0); color: rgba(0, 0, 0, 0); background: #FF5A5F; color: #FF5A5F; background: rgba(0, 0, 0, 0); color: rgba(0, 0, 0, 0); background: rgba(0, 0, 0, 0); color: rgba(0, 0, 0, 0); background: rgba(0, 0, 0, 0); color: rgba(0, 0, 0, 0); background: rgba(0, 0, 0, 0); color: rgba(0, 0, 0, 0); background: rgba(0, 0, 0, 0); color: rgba(0, 0, 0, 0); background: rgba(0, 0, 0, 0); color: rgba(0, 0, 0, 0); background: rgba(0, 0, 0, 0); color: rgba(0, 0, 0, 0); background: rgba(0, 0, 0, 0); color: rgba(0, 0, 0, 0); background: rgba(0, 0, 0, 0); color: rgba(0, 0, 0, 0); background: #FF5A5F; color: #FF5A5F; background: rgba(0, 0, 0, 0); color: rgba(0, 0, 0, 0); background: #FF5A5F; color: #FF5A5F; background: rgba(0, 0, 0, 0); color: rgba(0, 0, 0, 0); background: rgba(0, 0, 0, 0); color: rgba(0, 0, 0, 0); background: rgba(0, 0, 0, 0); color: rgba(0, 0, 0, 0); background: rgba(0, 0, 0, 0); color: rgba(0, 0, 0, 0); background: rgba(0, 0, 0, 0); color: rgba(0, 0, 0, 0); background: rgba(0, 0, 0, 0); color: rgba(0, 0, 0, 0); background: rgba(0, 0, 0, 0); color: rgba(0, 0, 0, 0); background: #FF5A5F; color: #FF5A5F; background: rgba(0, 0, 0, 0); color: rgba(0, 0, 0, 0); background: rgba(0, 0, 0, 0); color: rgba(0, 0, 0, 0); background: rgba(0, 0, 0, 0); color: rgba(0, 0, 0, 0); background: #FF5A5F; color: #FF5A5F; background: rgba(0, 0, 0, 0); color: rgba(0, 0, 0, 0); background: rgba(0, 0, 0, 0); color: rgba(0, 0, 0, 0); background: rgba(0, 0, 0, 0); color: rgba(0, 0, 0, 0); background: rgba(0, 0, 0, 0); color: rgba(0, 0, 0, 0); background: rgba(0, 0, 0, 0); color: rgba(0, 0, 0, 0); background: #FF5A5F; color: #FF5A5F; background: rgba(0, 0, 0, 0); color: rgba(0, 0, 0, 0); background: rgba(0, 0, 0, 0); color: rgba(0, 0, 0, 0); background: rgba(0, 0, 0, 0); color: rgba(0, 0, 0, 0); background: rgba(0, 0, 0, 0); color: rgba(0, 0, 0, 0); background: rgba(0, 0, 0, 0); color: rgba(0, 0, 0, 0); background: #FF5A5F; color: #FF5A5F; background: rgba(0, 0, 0, 0); color: rgba(0, 0, 0, 0); background: rgba(0, 0, 0, 0); color: rgba(0, 0, 0, 0); background: rgba(0, 0, 0, 0); color: rgba(0, 0, 0, 0); background: rgba(0, 0, 0, 0); color: rgba(0, 0, 0, 0); background: #FF5A5F; color: #FF5A5F; background: rgba(0, 0, 0, 0); color: rgba(0, 0, 0, 0); background: rgba(0, 0, 0, 0); color: rgba(0, 0, 0, 0); background: rgba(0, 0, 0, 0); color: rgba(0, 0, 0, 0); background: rgba(0, 0, 0, 0); color: rgba(0, 0, 0, 0); background: rgba(0, 0, 0, 0); color: rgba(0, 0, 0, 0); background: #FF5A5F; color: #FF5A5F; background: rgba(0, 0, 0, 0); color: rgba(0, 0, 0, 0); background: rgba(0, 0, 0, 0); color: rgba(0, 0, 0, 0); background: rgba(0, 0, 0, 0); color: rgba(0, 0, 0, 0); background: #FF5A5F; color: #FF5A5F; background: rgba(0, 0, 0, 0); color: rgba(0, 0, 0, 0); background: rgba(0, 0, 0, 0); color: rgba(0, 0, 0, 0); background: rgba(0, 0, 0, 0); color: rgba(0, 0, 0, 0); background: #FF5A5F; color: #FF5A5F; background: rgba(0, 0, 0, 0); color: rgba(0, 0, 0, 0); background: rgba(0, 0, 0, 0); color: rgba(0, 0, 0, 0); background: rgba(0, 0, 0, 0); color: rgba(0, 0, 0, 0); background: #FF5A5F; color: #FF5A5F; background: rgba(0, 0, 0, 0); color: rgba(0, 0, 0, 0); background: rgba(0, 0, 0, 0); color: rgba(0, 0, 0, 0); background: #FF5A5F; color: #FF5A5F; background: rgba(0, 0, 0, 0); color: rgba(0, 0, 0, 0); background: rgba(0, 0, 0, 0); color: rgba(0, 0, 0, 0); background: #FF5A5F; color: #FF5A5F; background: rgba(0, 0, 0, 0); color: rgba(0, 0, 0, 0); background: #FF5A5F; color: #FF5A5F; background: rgba(0, 0, 0, 0); color: rgba(0, 0, 0, 0); background: rgba(0, 0, 0, 0); color: rgba(0, 0, 0, 0); background: #FF5A5F; color: #FF5A5F; background: rgba(0, 0, 0, 0); color: rgba(0, 0, 0, 0); background: #FF5A5F; color: #FF5A5F; background: rgba(0, 0, 0, 0); color: rgba(0, 0, 0, 0); background: rgba(0, 0, 0, 0); color: rgba(0, 0, 0, 0); background: rgba(0, 0, 0, 0); color: rgba(0, 0, 0, 0); background: #FF5A5F; color: #FF5A5F; background: rgba(0, 0, 0, 0); color: rgba(0, 0, 0, 0); background: #FF5A5F; color: #FF5A5F; background: rgba(0, 0, 0, 0); color: rgba(0, 0, 0, 0); background: rgba(0, 0, 0, 0); color: rgba(0, 0, 0, 0); background: rgba(0, 0, 0, 0); color: rgba(0, 0, 0, 0); background: #FF5A5F; color: #FF5A5F; background: #FF5A5F; color: #FF5A5F; background: rgba(0, 0, 0, 0); color: rgba(0, 0, 0, 0); background: rgba(0, 0, 0, 0); color: rgba(0, 0, 0, 0); background: rgba(0, 0, 0, 0); color: rgba(0, 0, 0, 0); background: rgba(0, 0, 0, 0); color: rgba(0, 0, 0, 0); background: #FF5A5F; color: #FF5A5F; background: rgba(0, 0, 0, 0); color: rgba(0, 0, 0, 0); background: rgba(0, 0, 0, 0); color: rgba(0, 0, 0, 0); background: rgba(0, 0, 0, 0); color: rgba(0, 0, 0, 0); background: rgba(0, 0, 0, 0); color: rgba(0, 0, 0, 0); background: #FF5A5F; color: #FF5A5F; background: rgba(0, 0, 0, 0); color: rgba(0, 0, 0, 0); background: #FF5A5F; color: #FF5A5F; background: rgba(0, 0, 0, 0); color: rgba(0, 0, 0, 0); background: rgba(0, 0, 0, 0); color: rgba(0, 0, 0, 0); background: #FF5A5F; color: #FF5A5F; background: rgba(0, 0, 0, 0); color: rgba(0, 0, 0, 0); background: #FF5A5F; color: #FF5A5F; background: rgba(0, 0, 0, 0); color: rgba(0, 0, 0, 0); background: rgba(0, 0, 0, 0); color: rgba(0, 0, 0, 0); background: #FF5A5F; color: #FF5A5F; background: rgba(0, 0, 0, 0); color: rgba(0, 0, 0, 0); background: rgba(0, 0, 0, 0); color: rgba(0, 0, 0, 0); background: rgba(0, 0, 0, 0); color: rgba(0, 0, 0, 0); background: #FF5A5F; color: #FF5A5F; background: #FF5A5F; color: #FF5A5F; background: rgba(0, 0, 0, 0); color: rgba(0, 0, 0, 0); background: rgba(0, 0, 0, 0); color: rgba(0, 0, 0, 0); background: rgba(0, 0, 0, 0); color: rgba(0, 0, 0, 0); background: #FF5A5F; color: #FF5A5F; background: #FF5A5F; color: #FF5A5F; background: rgba(0, 0, 0, 0); color: rgba(0, 0, 0, 0); background: rgba(0, 0, 0, 0); color: rgba(0, 0, 0, 0); background: default; color: default; @ https://a0.muscache.com/airbnb/static/packages/web/es/7c53.defa17c3c1.js:72
[    2128ms] [VERBOSE] Rendering was performed in a subtree hidden by content-visibility. @ :3550
[    2138ms] [VERBOSE] Rendering was performed in a subtree hidden by content-visibility. @ :3550
[    2149ms] [VERBOSE] Rendering was performed in a subtree hidden by content-visibility. @ :3550
[    2157ms] [VERBOSE] Rendering was performed in a subtree hidden by content-visibility. @ :3550
[    2167ms] [VERBOSE] Rendering was performed in a subtree hidden by content-visibility. @ :3550
[    2177ms] [VERBOSE] Rendering was performed in a subtree hidden by content-visibility. @ :3550
[    2190ms] [VERBOSE] Rendering was performed in a subtree hidden by content-visibility. @ :3550
[    2202ms] [VERBOSE] Rendering was performed in a subtree hidden by content-visibility. @ :3550
[    2214ms] [VERBOSE] Rendering was performed in a subtree hidden by content-visibility. @ :3550
[    2229ms] [VERBOSE] Rendering was performed in a subtree hidden by content-visibility. @ :3550
[    2245ms] [VERBOSE] Rendering was performed in a subtree hidden by content-visibility. @ :3550
[    2264ms] [VERBOSE] Rendering was performed in a subtree hidden by content-visibility. @ :3550
[    2278ms] [VERBOSE] Rendering was performed in a subtree hidden by content-visibility. @ :3550
[    2288ms] [VERBOSE] Rendering was performed in a subtree hidden by content-visibility. @ :3550
[    2302ms] [VERBOSE] Rendering was performed in a subtree hidden by content-visibility. @ :3550
[    2316ms] [VERBOSE] Rendering was performed in a subtree hidden by content-visibility. @ :3550
[    2330ms] [VERBOSE] Rendering was performed in a subtree hidden by content-visibility. @ :3550
[    2341ms] [VERBOSE] Rendering was performed in a subtree hidden by content-visibility. @ :3550
[    2354ms] [VERBOSE] Rendering was performed in a subtree hidden by content-visibility. @ :3550
[    2370ms] [VERBOSE] Rendering was performed in a subtree hidden by content-visibility. @ :3550
[    2390ms] [VERBOSE] Rendering was performed in a subtree hidden by content-visibility. @ :3550
[    2405ms] [VERBOSE] Rendering was performed in a subtree hidden by content-visibility. @ :3550
[    2424ms] [VERBOSE] Rendering was performed in a subtree hidden by content-visibility. @ :3550
[    2438ms] [VERBOSE] Rendering was performed in a subtree hidden by content-visibility. @ :3550
[    5289ms] [WARNING] Google Maps JavaScript API has been loaded directly without loading=async. This can result in suboptimal performance. For best-practice loading patterns please see https://goo.gle/js-api-loading @ https://maps.googleapis.com/maps/api/js?language=es&region=ES&v=3.63&key=AIzaSyBEPXkdNeppUGoYTnxRJNEPmWfHdRpcmXU&hyperloopconfig=false&map_ids=f070129df0f6b488%2Ce7d50401c220d678%2C76aa4feafa54e1b4ddc75427%2C76aa4feafa54e1b485876b96%2C76aa4feafa54e1b45f841fc6%2C76aa4feafa54e1b447510e15&callback=__onGoogleMapsLoad:332
